../Core/Src/main.c:139:5:main	8	static
../Core/Src/main.c:240:6:SystemClock_Config	88	static
../Core/Src/main.c:282:13:MX_ADC1_Init	24	static
../Core/Src/main.c:343:13:MX_USART2_UART_Init	8	static
../Core/Src/main.c:376:13:MX_GPIO_Init	48	static
../Core/Src/main.c:470:6:HAL_UART_RxCpltCallback	16	static
../Core/Src/main.c:499:9:leer_pulsador	16	static
../Core/Src/main.c:513:6:start_pulsador	16	static
../Core/Src/main.c:545:6:start_juego	1104	static
../Core/Src/main.c:622:6:start_uart	80	static
../Core/Src/main.c:654:6:start_uart_rec	16	static
../Core/Src/main.c:672:6:start_display	48	static
../Core/Src/main.c:696:6:start_board	16	static
../Core/Src/main.c:712:6:Error_Handler	4	static,ignoring_inline_asm
